Found 34 total violations.

==================================================
Page: /animatori-petreceri-copii/
Source: kassia_faqs | Record ID: f8a2b3c4-d5e6-4f7a-8b9c-0d1e2f3a4b5c | Field: answer | Meta: FAQ Order: 8
Violating Term: "sigure"
Text:
Se recomandă eliberarea unei zone de joacă sigure, fără obstacole periculoase, și organizarea unui spațiu minim care să permită deplasarea în siguranță a copiilor.

==================================================
Page: /animatori-tematici-petreceri-copii-bucuresti/
Source: kassia_page_sections | Record ID: 9e76a355-6e8b-4ca9-bcb9-17377bd3c552 | Field: content | Meta: Section: text, Order: 3
Violating Term: "sigure"
Text:
<h2>Tematici populare pentru petrecerile de copii</h2><p>Oferim o selecție vastă de tematici, gândite să acopere o plajă largă de interese și grupe de vârstă. Iată câteva dintre cele mai cerute concepte pentru petrecerile din București și Ilfov, folosind costume de înaltă calitate și scenarii sigure, fără a încălca reglementările privind brandurile protejate:</p><p><strong>Petrecerea Prițeselor Magice:</strong> Ideală pentru fetițele de 4-8 ani. Animatoarele noastre poartă rochii elegante, inspirate din basmele clasice, și conduc activități precum balul de la palat, cursuri de etichetă pentru micile prințese, jocuri de memorie cu obiecte strălucitoare și o sesiune de pictură pe față cu sclipici și modele regale. Este o petrecere a eleganței, a culorilor pastelate și a zâmbetelor calde.</p><p><strong>Aventura Supereroilor Curajoși:</strong> potrivit pentru petreceri pline de energie, recomandată în special băieților, dar iubită și de fete. Animatorul, costumat într-un supererou pregătit de acțiune, organizează o „școală a supereroilor”. Copiii vor parcurge trasee cu obstacole imaginare, vor participa la ștafete de viteză și reacție, și vor învăța mișcări secrete de antrenament. Baloanele modelate se vor transforma rapid în săbii magice și scuturi de protecție.</p><p><strong>Căutătorii de Comori și Pirații:</strong> O tematică extrem de interactivă. Petrecerea începe cu găsirea unei hărți misterioase. Împreună cu animatorul-pirat, copiii vor trebui să rezolve ghicitori, să treacă prin „marea agitată” (jocul cu parașuta) și să găsească comoara ascunsă (care poate conține mici recompense sau chiar momentul aducerii tortului). Este excelentă pentru copiii de 6-10 ani, care apreciază misterul și provocările.</p><p><strong>Animalele Pădurii sau Aventură în Junglă:</strong> O alegere excelentă pentru copiii mai mici (2-5 ani) sau pentru petrecerile în aer liber, în parcuri sau la iarbă verde. Animatorii pot purta costume de exploratori sau chiar elemente care sugerează animale simpatice. Jocurile includ imitarea sunetelor din natură, dansul animalelor și crearea unei jungle colorate din baloane.</p><p><strong>Petrecerea Micului Magician:</strong> Această tematică introduce elemente ușoare de magie și iluzionism în programul de animație. Pe lângă jocurile clasice, animatorul (costumat în magician) prezintă câteva trucuri simple și captivante, uneori învățându-i pe copii cum să le realizeze. Pictura pe față poate include elemente de mister: steluțe magice, baghete etc.</p><p>Acestea sunt doar câteva exemple. Suntem flexibili și deschiși să creăm scenarii noi în funcție de ideile dumneavoastră și de pasiunile copilului sărbătorit.</p>

==================================================
Page: /animatori-tematici-petreceri-copii-bucuresti/
Source: kassia_page_sections | Record ID: f91b8642-f828-40aa-b403-71fbca564d89 | Field: content | Meta: Section: text, Order: 5
Violating Term: "face painting"
Text:
<h2>Elementele cheie ale unei animații tematice de succes</h2><p>Din experiența sutelor de petreceri organizate anual de Kassia Events, am identificat pilonii care transformă un program bun într-unul excepțional:</p><p><strong>1. Recuzita specifică:</strong> Nu folosim aceeași parașută la o petrecere de prințese și la una de pirați. Adaptăm materialele. Folosim baghete magice, săbii din spumă sau baloane, eșarfe colorate, comori false (monede de ciocolată) și instrumente muzicale mici. Recuzita de calitate ajută copiii să se ancoreze în povestea propusă.</p><p><strong>2. Playlist-ul muzical personalizat:</strong> Muzica este jumătate din atmosferă. Un animator tematic va aduce cu sine un playlist care include melodiile definitorii pentru tema respectivă, combinate cu hiturile la modă pe care copiii iubesc să danseze. Muzica dictează ritmul jocurilor și menține vibe-ul petrecerii la cotele dorite.</p><p><strong>3. Pictura pe față adaptată:</strong> Când vorbim de o tematică, modelele de face painting nu mai sunt lăsate la întâmplare. Animatorul va încuraja copiii să aleagă modele specifice: toți băieții pot deveni cavaleri sau pirați, iar fetițele vor primi diademe pictate cu măiestrie și praf de stele sclipitor. Acest detaliu unifică grupul și îi introduce pe toți în aceeași lume imaginară.</p><p><strong>4. Abordarea și limbajul animatorului:</strong> Modul în care animatorul se adresează copiilor este fundamental. Un „pirat” va folosi expresii marinărești, o „zână” va vorbi cu delicatețe despre praf magic, iar un „supererou” va folosi un ton ferm și motivant. Această interpretare actorească face diferența între un simplu supraveghetor de jocuri și un creator de amintiri.</p>

==================================================
Page: /animatori-tematici-petreceri-copii-bucuresti/
Source: kassia_page_sections | Record ID: 25fbcb10-2b50-4c7d-840d-56cdd7a7a06b | Field: content | Meta: Section: text, Order: 6
Violating Term: "sigure"
Text:
<h2>Cum să alegeți tematica ideală pentru copilul dumneavoastră</h2><p>Alegerea temei este primul și, probabil, cel mai important pas în organizarea petrecerii. Uneori, decizia este evidentă, dar alteori poate fi dificilă. Iată câteva sugestii care să vă ajute:</p><p><strong>Ascultați dorințele copilului:</strong> Pare evident, dar cel mai bun indiciu este pasiunea curentă a sărbătoritului. Care sunt cărțile pe care le citește? Ce fel de povești îi plac? La ce fel de jocuri de rol participă acasă? O tematică bazată pe o pasiune reală asigurat succesul.</p><p><strong>Luați în considerare vârsta:</strong> Copiii foarte mici (1-3 ani) pot fi intimidați de costume cu măști complexe sau de tematici prea dinamice. Pentru ei, culorile pastelate, animalele simpatice și mascotele de pluș sunt alegeri mult mai sigure. Începând cu vârsta de 4-5 ani, fetițele sunt de obicei fascinate de prințese și zâne, iar băieții de eroi de acțiune. Pre-adolescenții (8-11 ani) preferă tematici legate de dans, muzică (tip disco party), mister sau detectivi, considerând anumite personaje clasice drept „prea copilăroase”.</p><p><strong>Gândiți-vă la profilul invitaților:</strong> Dacă aveți o petrecere mixtă, cu fete și băieți în proporții relativ egale, o tematică neutră poate fi o idee excelentă. Exploratorii, animalele din junglă, carnavalul, pirații (există și pirați-fete curajoase!) sau o petrecere tip „Hawaii/Summer Party” sunt variante care vor bucura și vor implica toți copiii.</p><p><strong>Adaptarea la sezon:</strong> În perioada sărbătorilor de iarnă, tematica de Crăciun sau a Crăieselor Zăpezii este potrivit. Vara, petrecerile cu tematică nautică sau de tip safari sunt la mare căutare.</p><p>Dacă nu sunteți hotărât, specialiștii noștri vă stau la dispoziție pentru consultanță gratuită. Din experiența noastră vastă pe piața din București și Ilfov, vă putem sugera combinații de activități și tematici care au dovedit că funcționează excelent pentru o anumită grupă de vârstă sau locație.</p>

==================================================
Page: /animatori-tematici-petreceri-copii-bucuresti/
Source: kassia_page_sections | Record ID: 4e31eda7-3ebd-44e1-8e69-71fa34995a3d | Field: content | Meta: Section: text, Order: 7
Violating Term: "face painting"
Text:
<h2>Cum colaborăm pentru succesul evenimentului?</h2><p>Pentru o integrare potrivit a animației tematice în evenimentul dumneavoastră, comunicarea este cheia. Când solicitați o ofertă, vă rugăm să ne oferiți detalii despre spațiul disponibil. Dacă vom avea o masă special dedicată copiilor, putem lăsa acolo mici indicii sau elemente de recuzită. Dacă aveți o zonă pentru fotografii, momentul aducerii tortului cu personajul tematic se poate desfășura exact acolo, pentru amintiri potrivit.</p><p>De asemenea, este util să știm dacă aveți planificate alte surprize în timpul petrecerii (un magician extern, spargerea unei pinate, momente speciale). Animatorul nostru va acționa ca un maestru de ceremonii (MC), integrând organic aceste momente în scenariul tematic, anunțându-le într-un mod captivant și gestionând entuziasmul copiilor pentru a evita haosul.</p><p>Echipa Kassia Events este dedicată creării unor momente magice, sigure și memorabile. Folosim materiale profesionale pentru modelaj și face painting, costume curate și igienizate, iar toți animatorii sunt pregătiți să gestioneze grupuri de copii cu pedagogie, răbdare și mult, mult entuziasm.</p><p>Vă invităm să ne contactați pentru a verifica disponibilitatea pentru data dorită și a alege împreună cel mai potrivit personaj sau cea mai antrenantă tematică pentru petrecerea copilului dumneavoastră, indiferent de sectorul din București sau zona din județul Ilfov în care se va desfășura magia.</p>

==================================================
Page: /animatori-tematici-petreceri-copii-bucuresti/
Source: kassia_faqs | Record ID: 615250c8-0721-4040-804f-fa4ba8adbc45 | Field: answer | Meta: FAQ Order: 2
Violating Term: "face painting"
Text:
<p>Un animator cu experiență știe să includă toți copiii. De exemplu, într-o tematică de prințese, băieții pot primi rolul de cavaleri apărători ai castelului sau de prinți curajoși, având activități și probe de voinicie adaptate, iar modelajul de baloane și face painting-ul vor include și opțiuni specifice pentru băieți (săbii, pirați, animale etc.).</p>

==================================================
Page: /animatori-tematici-petreceri-copii-bucuresti/
Source: kassia_faqs | Record ID: c05c812c-cb29-4245-8df2-99935faf3de6 | Field: answer | Meta: FAQ Order: 5
Violating Term: "pachete"
Text:
<p>Puteți rezerva un singur animator pentru grupuri mici sau pachete complexe cu mai mulți animatori și mascote pentru evenimentele mari. Combinațiile sunt la alegerea dumneavoastră (de ex. doi supereroi diferiți sau o prințesă și un personaj vesel de suport).</p>

==================================================
Page: /animatori-tematici-petreceri-copii-bucuresti/
Source: kassia_faqs | Record ID: 0d539350-a4bd-4caf-b7a6-acee894aca91 | Field: question | Meta: FAQ Order: 9
Violating Term: "face painting"
Text:
Ce fel de materiale folosiți pentru face painting?

==================================================
Page: /animatori-tematici-petreceri-copii-bucuresti/
Source: kassia_faqs | Record ID: 0d539350-a4bd-4caf-b7a6-acee894aca91 | Field: answer | Meta: FAQ Order: 9
Violating Term: "dermatologic"
Text:
<p>Folosim doar culori profesionale testate dermatologic, speciale pentru pielea sensibilă a copiilor. Acestea se usucă rapid, nu pătează excesiv hainele (dacă se respectă instrucțiunile) și se înlătură cu ușurință folosind apă călduță și săpun sau un produs blând de demachiere.</p>

==================================================
Page: /mascote-petreceri-copii-bucuresti/
Source: kassia_page_sections | Record ID: af7fa940-c31f-420e-9ab3-e37b25c4ea79 | Field: content | Meta: Section: text, Order: 5
Violating Term: "pachetul"
Text:
<h2>Combinația potrivit: Animator + Mascotă</h2><p>Deși o mascotă este o atracție fabuloasă, ea are anumite limitări: comunică non-verbal, nu poate organiza activități complexe (precum face painting sau modelaj de baloane) și are un câmp vizual restrâns. De aceea, pentru o petrecere de copii completă, recomandăm cu căldură pachetul combinat: un Animator clasic însoțit de o Mascotă.</p><p>Animatorul preia rolul de lider al petrecerii. El vorbește la microfon, explică regulile jocurilor, organizează copiii și îi pictează pe față. Când vine rândul mascotei să intervină, animatorul acționează ca un intermediar. Va anunța cu fast sosirea ei, îi va explica mascotei (prin joc de rol) ce trebuie să facă și îi va ajuta pe copiii mai timizi să se apropie cu încredere. Animatorul este vocea mascotei și asistentul ei de încredere, formând un duo imbatabil care acoperă atât nevoia de organizare și joc, cât și pe cea de spectacol vizual.</p><p>Acest format permite și o variație de ritm excelentă pe durata a întregii petreceri: începem cu jocuri alerte, trecem la creație și pictură, și culminăm cu apariția explozivă a mascotei pentru muzică, dans, îmbrățișări și tort.</p>

==================================================
Page: /mascote-petreceri-copii-bucuresti/
Source: kassia_page_sections | Record ID: 4979eb90-cf41-4630-b42c-e60b7b9bf05b | Field: content | Meta: Section: text, Order: 3
Violating Term: "sigure"
Text:
<h2>Tipuri de mascote și personaje din care poți alege</h2><p>Colecția noastră de costume este menținută la cele mai înalte standarde de curățenie și estetică. Chiar dacă operăm cu variante sigure și neprotejate comercial, expresivitatea și designul mascotelor noastre sunt impecabile, asigurat bucuria celor mici.</p><p><strong>Mascotele tip „Animaluțe de Pluș”:</strong> Aici intră celebrii urși uriași bruni sau albi, iepurași cu urechi lungi, cățeluși curajoși sau pisicuțe simpatice. Aceste mascote sunt de departe cele mai iubite la petrecerile pentru cei foarte mici (petreceri de 1 an, tăierea moțului, botezuri). Blana lor moale invită la îmbrățișări, iar aspectul lor non-amenințător asigură o interacțiune calmă și plină de gingășie. Sunt potrivit pentru fotografiile de familie emoționante.</p><p><strong>Mascote Tematice Vesele:</strong> Costume voluminoase cu capete mari și expresii amuzante, inspirate din diverse tematici generice (un pirat uriaș de pluș, un monstruleț simpatic, un unicorn curcubeu, un roboțel amuzant). Acestea sunt potrivite pentru copiii de 4-8 ani, care înțeleg deja conceptele și se bucură de jocul de rol și de giumbușlucurile personajului.</p><p><strong>Mascotele Eroi și Figurine de Acțiune:</strong> Pentru băieții pasionați de dinamism, oferim mascote cu forme de roboți sau creaturi curajoase. Aceste mascote au de obicei mișcări mai unghiulare, atitudini sigure de sine și se pretează la „antrenamente” și sesiuni de dans modern. Deși mobilitatea într-un astfel de costum este mai redusă decât în cazul unui costum de animator simplu, impactul vizual compensează din plin.</p>

==================================================
Page: /mascote-petreceri-copii-bucuresti/
Source: kassia_faqs | Record ID: dd3b6ae7-0064-4a22-a161-2ea7be0dc235 | Field: answer | Meta: FAQ Order: 7
Violating Term: "pachetele"
Text:
<p>Nu. Datorită mânușilor voluminoase ale costumului și a mobilității reduse, mascota nu poate realiza activități care necesită motricitate fină. Acesta este motivul pentru care recomandăm pachetele combinate: un animator obișnuit (care face pictura și baloanele) însoțit de mascotă (care dansează și îmbrățișează).</p>

==================================================
Page: /mascote-petreceri-copii-bucuresti/
Source: kassia_faqs | Record ID: d35a0078-b812-422e-9c62-726a46022743 | Field: question | Meta: FAQ Order: 8
Violating Term: "sigure"
Text:
Mascotele sunt curate și sigure?

==================================================
Page: /mini-disco-copii-bucuresti/
Source: kassia_page_sections | Record ID: af5c051c-6e0a-48d0-a4bb-1e18203ae0e3 | Field: content | Meta: Section: hero, Order: 1
Violating Term: "pachetele"
Text:
<div class="hero-content"><h2>O Petrecere unde Nimeni nu Stă Jos!</h2><p>Pentru mulți copii, în special din segmentul de vârstă 5-12 ani, o petrecere reușită înseamnă o petrecere cu multă muzică și dans. Programul de Mini-Disco este răspunsul potrivit la această cerință, fiind un amestec incendiar de hituri actuale, coregrafii haioase, lumini, jocuri muzicale și un ritm nebun condus de un animator Kassia Events pe post de DJ și maestru de ceremonii. Devenit un element de nelipsit din pachetele noastre pentru restaurante, terase și săli de evenimente din București și județul Ilfov, programul Mini-Disco are garanția faptului că va consuma energia celor mici într-un mod spectaculos și le va oferi ocazia să se simtă ca niște adevărate staruri pe ringul de dans.</p></div>

==================================================
Page: /mini-disco-copii-bucuresti/
Source: kassia_page_sections | Record ID: 94dcd8e1-6b64-4c71-a7b5-cbc5ae3c3850 | Field: content | Meta: Section: text, Order: 2
Violating Term: "sigure"
Text:
<h2>Ce înseamnă un program Mini-Disco adevărat?</h2><p>Există o diferență enormă între a pune muzică pe fundal dintr-un telefon conectat la o boxă Bluetooth și a organiza un program dedicat de Mini-Disco pentru copii. Ceea ce oferim noi este un show interactiv.</p><p>Totul pornește de la animator. Acesta nu stă într-un colț schimbând melodiile. Animatorul este prezent în mijlocul copiilor, pe ringul de dans. El va coordona sesiuni de coregrafii de grup: mișcări pe care toți invitații trebuie să le repete sincronizat (cunoscutele dansuri specifice vacanțelor estivale - gen Chu Chu Ua, Macarena, Soca Batuca, sau dansurile populare de pe platformele de social media adaptate și sigure pentru copii). Sincronizarea întregului grup crează acea bucurie a lucrului în echipă, iar zâmbetele sunt asigurat de mișcările caraghioase impuse intenționat de animator.</p><p>Pe lângă coregrafiile standard, programul include concursuri de dans (Dance Off sau Battle-uri amicale), în care micii dansatori au ocazia să își demonstreze pașii de break-dance, balet sau improvizație pură, încurajați frenetic de aplauzele grupului. Nu premiem cel mai bun tehnician, ci cel mai original, cel mai vesel și cel mai perseverent dansator.</p>

==================================================
Page: /mini-disco-copii-bucuresti/
Source: kassia_page_sections | Record ID: 57dd53bb-08e3-4db0-855c-761b1ff2c1dd | Field: content | Meta: Section: text, Order: 7
Violating Term: "rezervați"
Text:
<h2>Cum planificați momentul Mini-Disco potrivit?</h2><p>Pentru părinții care își doresc o petrecere de excepție centrată pe muzică, iată câteva recomandări din experiența practică a miilor de petreceri coordonate de Kassia Events:</p><p>Dacă evenimentul are loc într-un restaurant, asigurați-vă că managerul de sală vă permite un nivel ceva mai ridicat de zgomot în secțiunea dedicată copiilor, sau rezervați un separeu dedicat. De asemenea, degajați complet zona centrală de mese sau scaune pentru a crea un inel (ring) de dans sigur, larg, în care copiii să se poată învârti fără pericolul de a se lovi de muchii ascuțite.</p><p>Pregătiți haine confortabile (de preferat de schimb)! Copiii vor transpira masiv. Pentru petrecerile în apartament, este recomandat să aerisiți bine camera înainte de a începe și eventual să reduceți ușor temperatura aerului condiționat sau a centralei (bineînțeles, fără a bate un curent rece direct spre spațiul de dans).</p><p>Vă asigurăm o sesiune în care telefoanele vor rămâne abandonate pe canapele, iar singurul efort al părinților va fi să imortalizeze cu blițul acele momente magice de euforie muzicală. Contactați-ne astăzi pentru a organiza o petrecere unde ringul de dans aparține copiilor dumneavoastră!</p>

==================================================
Page: /mini-disco-copii-bucuresti/
Source: kassia_faqs | Record ID: 38eb807f-9142-4233-832a-93d7b82262bb | Field: answer | Meta: FAQ Order: 8
Violating Term: "rezervarea"
Text:
<p>Sigur! Când finalizăm rezervarea fermă, încurajăm părinții (sau direct pe micul sărbătorit) să ne trimită pe WhatsApp o scurtă listă cu top 5 sau top 10 artiști preferați ai momentului. Ne vom asigura că acele piese sunt integrate în „casetofonul” nostru digital în timpul petrecerii, cu condiția să nu conțină limbaj explicit.</p>

==================================================
Page: /modelaj-baloane-copii-bucuresti/
Source: kassia_page_sections | Record ID: 8a85e116-94e2-44e1-8134-8231eef794ee | Field: content | Meta: Section: hero, Order: 1
Violating Term: "pachetele"
Text:
<div class="hero-content"><h2>Săbii curajoase, flori colorate și animăluțe simpatice!</h2><p>Modelajul de baloane (cunoscut și sub denumirea de balloon twisting) este acea formă de magie palpabilă la care copiii adoră să asiste. Să vezi cum un simplu tub colorat din latex este răsucit, îndoit și transformat într-o fracțiune de secundă într-o sabie de pirat, o coroniță de zână sau un cățeluș simpatic, stârnește inevitabil aplauze. La Kassia Events, integrăm cu succes atelierele rapide de modelaj de baloane în pachetele noastre de animație din București și județul Ilfov. Acest moment reprezintă nu doar o activitate captivantă, ci și modul nostru de a ne asigura că fiecare invitat pleacă acasă cu un mic suvenir personalizat, colorat și plin de veselie.</p></div>

==================================================
Page: /modelaj-baloane-copii-bucuresti/
Source: kassia_faqs | Record ID: e06e7d17-e8af-472e-8b47-416432f03165 | Field: question | Meta: FAQ Order: 1
Violating Term: "pachetele"
Text:
Modelajul de baloane este inclus în pachetele de bază sau costă suplimentar?

==================================================
Page: /modelaj-baloane-copii-bucuresti/
Source: kassia_faqs | Record ID: e06e7d17-e8af-472e-8b47-416432f03165 | Field: answer | Meta: FAQ Order: 1
Violating Term: "pachetele"
Text:
<p>Activitatea de modelaj baloane este inclusă, în mod standard, în aproape toate pachetele noastre de animație (alături de jocuri, muzică și face painting). Nu percepem taxe suplimentare pe fiecare balon creat la o petrecere de copii privată standard.</p>

==================================================
Page: /modelaj-baloane-copii-bucuresti/
Source: kassia_faqs | Record ID: 09fae09b-0190-48b4-b360-08863672656a | Field: question | Meta: FAQ Order: 2
Violating Term: "sigure"
Text:
Baloanele folosite sunt sigure pentru copii?

==================================================
Page: /pachete-animatori-copii-bucuresti/
Source: kassia_page_sections | Record ID: 7f1eff59-f4e0-477b-83f4-37d10edd37e9 | Field: content.body | Meta: Section: content, Order: 99
Violating Term: "hipoalergenice"
Text:
<p>Alegerea unui program de animație potrivit este esențială pentru reușita oricărui eveniment dedicat copiilor. O petrecere organizată cu atenție necesită o planificare riguroasă a momentelor cheie, iar animatorii noștri profesioniști sunt pregătiți să aducă un plus de valoare și bucurie. Fiecare activitate pe care o propunem a fost testată și rafinată în sute de evenimente anterioare, asigurându-ne astfel că răspunde nevoilor specifice fiecărei categorii de vârstă. În plus, folosim materiale și accesorii de înaltă calitate, complet sigure pentru cei mici, de la culorile hipoalergenice folosite la pictura pe față, până la baloanele rezistente pentru modelaj.</p><p>Interacțiunea dintre copii și animatori depășește simpla coordonare a unor jocuri. Este vorba despre crearea unei atmosfere magice, în care fiecare copil se simte integrat și încurajat să participe. Ne concentrăm pe dinamica grupului, adaptând ritmul activităților în timp real. Astfel, alternăm momentele pline de energie, precum concursurile de dans sau ștafetele, cu momente mai calme, de tipul jocurilor de memorie sau creativitate. Acest echilibru asigură menținerea interesului copiilor pe întreaga desfășurare a evenimentului, oferindu-le amintiri de neuitat.</p><p>Ne adaptăm rapid la orice tip de locație, fie că este vorba despre o petrecere în aer liber, un loc de joacă special amenajat sau confortul propriei locuințe. Totodată, suntem flexibili în ceea ce privește tematica aleasă, animatorii noștri putând personaliza jocurile și accesoriile pentru a se potrivi ideal cu preferințele sărbătoritului. Obiectivul nostru principal este să oferim părinților liniștea necesară pentru a se bucura de eveniment alături de invitații lor, știind că cei mici sunt într-un mediu complet sigur, distractiv și coordonat de profesioniști pasionați de munca lor.</p>

==================================================
Page: /pachete-animatori-copii-bucuresti/
Source: kassia_page_sections | Record ID: bcd2cedd-3d20-45bc-875f-4505fa8b0fad | Field: content.title | Meta: Section: service_card, Order: 8
Violating Term: "pachet"
Text:
Pachet complet pentru petrecere copii

==================================================
Page: /pachete-animatori-copii-bucuresti/
Source: kassia_page_sections | Record ID: bcd2cedd-3d20-45bc-875f-4505fa8b0fad | Field: content.cta_url | Meta: Section: service_card, Order: 8
Violating Term: "pachetul"
Text:
https://wa.me/40768098268?text=Buna!%20As%20dori%20detalii%20despre%20pachetul%20complet.

==================================================
Page: /pictura-pe-fata-copii-bucuresti/
Source: kassia_page_sections | Record ID: d0c70138-db55-42e1-a68f-344afadaeb23 | Field: content | Meta: Section: text, Order: 3
Violating Term: "sigure"
Text:
<h2>Ce modele pot alege copiii? O lume fără limite!</h2><p>Când vine momentul sesiunii de pictură, bucuria alegerii modelului este jumătate din distracție. Animatorii noștri sunt adevărați artiști răbdători, capabili să realizeze o multitudine de modele, de la cele rapide, de impact, la desene mai complexe (dacă timpul și răbdarea copilului o permit).</p><p><strong>Modele preferate de băieți:</strong> De cele mai multe ori, cererile gravitează în jurul acțiunii și aventurii. Măștile de supereroi (fie că vorbim de modele cu pânze de păianjen, stele sau fulgere) sunt în topul preferințelor. Urmează felinele sălbatice (tigri, lei), pirații cu cicatrici curajoase și bandane, monștrii amuzanți sau modele tribale. Pentru cei pasionați de viteză, mici mașinuțe sau flăcări pictate pe pomete sunt alegeri sigure.</p><p><strong>Modele preferate de fetițe:</strong> Universul feminin este dominat de culori pastelate, sclipici și elemente fine. Modelele de prințese (coronițe elaborate pe frunte, decorate cu puncte de lumină și pietricele) sunt cele mai cerute. Florile, fluturii cu aripi ample, unicornii în culorile curcubeului și zânele sunt, de asemenea, foarte populare. Sclipiciul cosmetic (sigur pentru uz în zona ochilor) este ingredientul secret care dă viață acestor modele.</p><p><strong>Modele minimaliste pentru copii mici (sau nerăbdători):</strong> Copiii de 2-3 ani au adesea mai puțină răbdare să stea nemișcați. Pentru ei (sau pentru petrecerile cu un număr foarte mare de copii, unde animatorul trebuie să se miște rapid), propunem modele mici, pictate pe obraz sau chiar pe mână: un mic delfin, un trandafir, o steluță norocoasă, o buburuză sau un mic păianjen. Acestea durează sub 2 minute și aduc o bucurie la fel de mare.</p>

==================================================
Page: /preturi-animatori-copii-bucuresti/
Source: kassia_pages | Record ID: 49cf0ab3-2299-4d4f-8230-9f2ef0903813 | Field: meta_description | Meta: Page Meta Description
Violating Term: "pachetele"
Text:
Cauți animatori pentru petreceri copii în preturi animatori copii bucuresti? Descoperă pachetele noastre cu personaje, jocuri interactive, pictură pe față și modelaj baloane.

==================================================
Page: /preturi-animatori-copii-bucuresti/
Source: kassia_page_sections | Record ID: 29c5d9a9-88d2-44da-8b82-6eeb1c5f93fa | Field: heading | Meta: Section: content, Order: 2
Violating Term: "pachetele"
Text:
Activități incluse în pachetele de animație

==================================================
Page: /preturi-animatori-copii-bucuresti/
Source: kassia_page_sections | Record ID: 29c5d9a9-88d2-44da-8b82-6eeb1c5f93fa | Field: content.body | Meta: Section: content, Order: 2
Violating Term: "pachet"
Text:
<p>Fiecare pachet este gândit să ofere o experiență completă. Jocurile interactive sunt completate perfect de momentele de modelaj de baloane și pictură pe față. Animatorul nostru va aduce toate materialele necesare, inclusiv sistemul audio portabil pentru fundalul muzical și dansuri.</p>

==================================================
Page: /preturi-animatori-copii-bucuresti/
Source: kassia_page_sections | Record ID: b8ce3e73-0450-4734-a540-bb4677a97f33 | Field: heading | Meta: Section: content, Order: 4
Violating Term: "rezervă"
Text:
Rezervă acum pentru petrecerea ta în preturi animatori copii bucuresti

==================================================
Page: /preturi-animatori-copii-bucuresti/
Source: kassia_page_sections | Record ID: b8ce3e73-0450-4734-a540-bb4677a97f33 | Field: content.body | Meta: Section: content, Order: 4
Violating Term: "pachetul"
Text:
<p>Suntem gata să facem din evenimentul tău unul cu adevărat memorabil. Echipa noastră de animatori abia așteaptă să aducă zâmbete și bucurie. Contactează-ne pentru a verifica disponibilitatea și pentru a alege pachetul perfect pentru copilul tău.</p>

==================================================
Page: /preturi-animatori-copii-bucuresti/
Source: kassia_faqs | Record ID: 8068182c-9dcc-41e3-a964-6ced2e768e1c | Field: answer | Meta: FAQ Order: 4
Violating Term: "pachetelor"
Text:
<p>Da, majoritatea pachetelor noastre de bază includ sesiuni de pictură pe față și modelaj de baloane, pe lângă jocurile interactive.</p>

==================================================
Page: /preturi-animatori-copii-bucuresti/
Source: kassia_faqs | Record ID: 63fedf10-5480-405d-b3b8-38e514f88e23 | Field: question | Meta: FAQ Order: 5
Violating Term: "rezervarea"
Text:
Cu cât timp înainte trebuie să fac rezervarea?

==================================================
Page: /preturi-animatori-copii-bucuresti/
Source: kassia_faqs | Record ID: 63fedf10-5480-405d-b3b8-38e514f88e23 | Field: answer | Meta: FAQ Order: 5
Violating Term: "rezervarea"
Text:
<p>Vă recomandăm să faceți rezervarea cu cel puțin 2-3 săptămâni înainte, mai ales dacă evenimentul are loc în weekend.</p>

==================================================
Page: /preturi-animatori-copii-bucuresti/
Source: kassia_faqs | Record ID: d6ad3d2a-c52f-4ffe-bfe8-927583da5ca9 | Field: answer | Meta: FAQ Order: 6
Violating Term: "face painting"
Text:
<p>Da, toți animatorii noștri vin pregătiți cu materiale pentru jocuri, baloane pentru modelaj, culori profesionale pentru face painting și boxă portabilă.</p>
